nohup: ignoring input
Num. threads: 1
Dimension: 128
Number of queries: 2931
Vector per query 32
queries id loaded
Number of Centroids:  262144
Total Number of Embeddings: 266205513
Number of documents: 2428854
SEARCH STARTED
Average Elapsed Time per query 53370201
Num. threads: 8
Dimension: 128
Number of queries: 2931
Vector per query 32
queries id loaded
Number of Centroids:  262144
Total Number of Embeddings: 266205513
Number of documents: 2428854
Number of Centroids:  262144
Total Number of Embeddings: 266205513
Number of documents: 2428854
Number of Centroids:  262144
Total Number of Embeddings: 266205513
Number of documents: 2428854
Number of Centroids:  262144
Total Number of Embeddings: 266205513
Number of documents: 2428854
Number of Centroids:  262144
Total Number of Embeddings: 266205513
Number of documents: 2428854
Number of Centroids:  262144
Total Number of Embeddings: 266205513
Number of documents: 2428854
Number of Centroids:  262144
Total Number of Embeddings: 266205513
Number of documents: 2428854
Number of Centroids:  262144
Total Number of Embeddings: 266205513
Number of documents: 2428854
SEARCH STARTED
Average Elapsed Time per query 10522030
Num. threads: 48
Dimension: 128
Number of queries: 2931
Vector per query 32
queries id loaded
Number of Centroids:  262144
Total Number of Embeddings: 266205513
Number of documents: 2428854
Number of Centroids:  262144
Total Number of Embeddings: 266205513
Number of documents: 2428854
Number of Centroids:  262144
Total Number of Embeddings: 266205513
Number of documents: 2428854
Number of Centroids:  262144
Total Number of Embeddings: 266205513
Number of documents: 2428854
Number of Centroids:  262144
Total Number of Embeddings: 266205513
Number of documents: 2428854
Number of Centroids:  262144
Total Number of Embeddings: 266205513
Number of documents: 2428854
Number of Centroids:  262144
Total Number of Embeddings: 266205513
Number of documents: 2428854
Number of Centroids:  262144
Total Number of Embeddings: 266205513
Number of documents: 2428854
Number of Centroids:  262144
Total Number of Embeddings: 266205513
Number of documents: 2428854
Number of Centroids:  262144
Total Number of Embeddings: 266205513
Number of documents: 2428854
Number of Centroids:  262144
Total Number of Embeddings: 266205513
Number of documents: 2428854
Number of Centroids:  262144
Total Number of Embeddings: 266205513
Number of documents: 2428854
Number of Centroids:  262144
Total Number of Embeddings: 266205513
Number of documents: 2428854
Number of Centroids:  262144
Total Number of Embeddings: 266205513
Number of documents: 2428854
Number of Centroids:  262144
Total Number of Embeddings: 266205513
Number of documents: 2428854
Number of Centroids:  262144
Total Number of Embeddings: 266205513
Number of documents: 2428854
Number of Centroids:  262144
Total Number of Embeddings: 266205513
Number of documents: 2428854
Number of Centroids:  262144
Total Number of Embeddings: 266205513
Number of documents: 2428854
Number of Centroids:  262144
Total Number of Embeddings: 266205513
Number of documents: 2428854
Number of Centroids:  262144
Total Number of Embeddings: 266205513
Number of documents: 2428854
Number of Centroids:  262144
Total Number of Embeddings: 266205513
Number of documents: 2428854
Number of Centroids:  262144
Total Number of Embeddings: 266205513
Number of documents: 2428854
Number of Centroids:  262144
Total Number of Embeddings: 266205513
Number of documents: 2428854
Number of Centroids:  262144
Total Number of Embeddings: 266205513
Number of documents: 2428854
Number of Centroids:  262144
Total Number of Embeddings: 266205513
Number of documents: 2428854
Number of Centroids:  262144
Total Number of Embeddings: 266205513
Number of documents: 2428854
Number of Centroids:  262144
Total Number of Embeddings: 266205513
Number of documents: 2428854
Number of Centroids:  262144
Total Number of Embeddings: 266205513
Number of documents: 2428854
Number of Centroids:  262144
Total Number of Embeddings: 266205513
Number of documents: 2428854
Number of Centroids:  262144
Total Number of Embeddings: 266205513
Number of documents: 2428854
Number of Centroids:  262144
Total Number of Embeddings: 266205513
Number of documents: 2428854
Number of Centroids:  262144
Total Number of Embeddings: 266205513
Number of documents: 2428854
Number of Centroids:  262144
Total Number of Embeddings: 266205513
Number of documents: 2428854
Number of Centroids:  262144
Total Number of Embeddings: 266205513
Number of documents: 2428854
Number of Centroids:  262144
Total Number of Embeddings: 266205513
Number of documents: 2428854
Number of Centroids:  262144
Total Number of Embeddings: 266205513
Number of documents: 2428854
Number of Centroids:  262144
Total Number of Embeddings: 266205513
Number of documents: 2428854
Number of Centroids:  262144
Total Number of Embeddings: 266205513
Number of documents: 2428854
Number of Centroids:  262144
Total Number of Embeddings: 266205513
Number of documents: 2428854
Number of Centroids:  262144
Total Number of Embeddings: 266205513
Number of documents: 2428854
Number of Centroids:  262144
Total Number of Embeddings: 266205513
Number of documents: 2428854
Number of Centroids:  262144
Total Number of Embeddings: 266205513
Number of documents: 2428854
Number of Centroids:  262144
Total Number of Embeddings: 266205513
Number of documents: 2428854
Number of Centroids:  262144
Total Number of Embeddings: 266205513
Number of documents: 2428854
Number of Centroids:  262144
Total Number of Embeddings: 266205513
Number of documents: 2428854
Number of Centroids:  262144
Total Number of Embeddings: 266205513
Number of documents: 2428854
Number of Centroids:  262144
Total Number of Embeddings: 266205513
Number of documents: 2428854
Number of Centroids:  262144
Total Number of Embeddings: 266205513
Number of documents: 2428854
SEARCH STARTED
Average Elapsed Time per query 5057377
[Oct 28, 10:02:10] #> Loading QRELs from aux_data/lotte/qrels.dev.tsv ..

#> Reading aux_data/lotte/qrels.dev.tsv
#> Loading ranked lists from results_10_lotte.tsv ..
#> Reading results_10_lotte.tsv
#> Computing MRR@10 for 2931 queries.

#> MRR@10 = 0.5381242113586019
#> MRR@10 (only for ranked queries) = 0.538
#> Computing MRR@100 for 2931 queries.

#> MRR@100 = 0.5381242113586019
#> MRR@100 (only for ranked queries) = 0.538

#> Recall@10 = 0.5034360525780834
#> Recall@10 (only for ranked queries) = 0.503


#> Recall@100 = 0.5034360525780834
#> Recall@100 (only for ranked queries) = 0.503


#> Recall@1000 = 0.5034360525780834
#> Recall@1000 (only for ranked queries) = 0.503

Num. threads: 1
Dimension: 128
Number of queries: 2931
Vector per query 32
queries id loaded
Number of Centroids:  262144
Total Number of Embeddings: 266205513
Number of documents: 2428854
SEARCH STARTED
Average Elapsed Time per query 83340394
Num. threads: 8
Dimension: 128
Number of queries: 2931
Vector per query 32
queries id loaded
Number of Centroids:  262144
Total Number of Embeddings: 266205513
Number of documents: 2428854
Number of Centroids:  262144
Total Number of Embeddings: 266205513
Number of documents: 2428854
Number of Centroids:  262144
Total Number of Embeddings: 266205513
Number of documents: 2428854
Number of Centroids:  262144
Total Number of Embeddings: 266205513
Number of documents: 2428854
Number of Centroids:  262144
Total Number of Embeddings: 266205513
Number of documents: 2428854
Number of Centroids:  262144
Total Number of Embeddings: 266205513
Number of documents: 2428854
Number of Centroids:  262144
Total Number of Embeddings: 266205513
Number of documents: 2428854
Number of Centroids:  262144
Total Number of Embeddings: 266205513
Number of documents: 2428854
SEARCH STARTED
Average Elapsed Time per query 15077530
Num. threads: 48
Dimension: 128
Number of queries: 2931
Vector per query 32
queries id loaded
Number of Centroids:  262144
Total Number of Embeddings: 266205513
Number of documents: 2428854
Number of Centroids:  262144
Total Number of Embeddings: 266205513
Number of documents: 2428854
Number of Centroids:  262144
Total Number of Embeddings: 266205513
Number of documents: 2428854
Number of Centroids:  262144
Total Number of Embeddings: 266205513
Number of documents: 2428854
Number of Centroids:  262144
Total Number of Embeddings: 266205513
Number of documents: 2428854
Number of Centroids:  262144
Total Number of Embeddings: 266205513
Number of documents: 2428854
Number of Centroids:  262144
Total Number of Embeddings: 266205513
Number of documents: 2428854
Number of Centroids:  262144
Total Number of Embeddings: 266205513
Number of documents: 2428854
Number of Centroids:  262144
Total Number of Embeddings: 266205513
Number of documents: 2428854
Number of Centroids:  262144
Total Number of Embeddings: 266205513
Number of documents: 2428854
Number of Centroids:  262144
Total Number of Embeddings: 266205513
Number of documents: 2428854
Number of Centroids:  262144
Total Number of Embeddings: 266205513
Number of documents: 2428854
Number of Centroids:  262144
Total Number of Embeddings: 266205513
Number of documents: 2428854
Number of Centroids:  262144
Total Number of Embeddings: 266205513
Number of documents: 2428854
Number of Centroids:  262144
Total Number of Embeddings: 266205513
Number of documents: 2428854
Number of Centroids:  262144
Total Number of Embeddings: 266205513
Number of documents: 2428854
Number of Centroids:  262144
Total Number of Embeddings: 266205513
Number of documents: 2428854
Number of Centroids:  262144
Total Number of Embeddings: 266205513
Number of documents: 2428854
Number of Centroids:  262144
Total Number of Embeddings: 266205513
Number of documents: 2428854
Number of Centroids:  262144
Total Number of Embeddings: 266205513
Number of documents: 2428854
Number of Centroids:  262144
Total Number of Embeddings: 266205513
Number of documents: 2428854
Number of Centroids:  262144
Total Number of Embeddings: 266205513
Number of documents: 2428854
Number of Centroids:  262144
Total Number of Embeddings: 266205513
Number of documents: 2428854
Number of Centroids:  262144
Total Number of Embeddings: 266205513
Number of documents: 2428854
Number of Centroids:  262144
Total Number of Embeddings: 266205513
Number of documents: 2428854
Number of Centroids:  262144
Total Number of Embeddings: 266205513
Number of documents: 2428854
Number of Centroids:  262144
Total Number of Embeddings: 266205513
Number of documents: 2428854
Number of Centroids:  262144
Total Number of Embeddings: 266205513
Number of documents: 2428854
Number of Centroids:  262144
Total Number of Embeddings: 266205513
Number of documents: 2428854
Number of Centroids:  262144
Total Number of Embeddings: 266205513
Number of documents: 2428854
Number of Centroids:  262144
Total Number of Embeddings: 266205513
Number of documents: 2428854
Number of Centroids:  262144
Total Number of Embeddings: 266205513
Number of documents: 2428854
Number of Centroids:  262144
Total Number of Embeddings: 266205513
Number of documents: 2428854
Number of Centroids:  262144
Total Number of Embeddings: 266205513
Number of documents: 2428854
Number of Centroids:  262144
Total Number of Embeddings: 266205513
Number of documents: 2428854
Number of Centroids:  262144
Total Number of Embeddings: 266205513
Number of documents: 2428854
Number of Centroids:  262144
Total Number of Embeddings: 266205513
Number of documents: 2428854
Number of Centroids:  262144
Total Number of Embeddings: 266205513
Number of documents: 2428854
Number of Centroids:  262144
Total Number of Embeddings: 266205513
Number of documents: 2428854
Number of Centroids:  262144
Total Number of Embeddings: 266205513
Number of documents: 2428854
Number of Centroids:  262144
Total Number of Embeddings: 266205513
Number of documents: 2428854
Number of Centroids:  262144
Total Number of Embeddings: 266205513
Number of documents: 2428854
Number of Centroids:  262144
Total Number of Embeddings: 266205513
Number of documents: 2428854
Number of Centroids:  262144
Total Number of Embeddings: 266205513
Number of documents: 2428854
Number of Centroids:  262144
Total Number of Embeddings: 266205513
Number of documents: 2428854
Number of Centroids:  262144
Total Number of Embeddings: 266205513
Number of documents: 2428854
Number of Centroids:  262144
Total Number of Embeddings: 266205513
Number of documents: 2428854
Number of Centroids:  262144
Total Number of Embeddings: 266205513
Number of documents: 2428854
SEARCH STARTED
Average Elapsed Time per query 5792584
[Oct 28, 10:28:49] #> Loading QRELs from aux_data/lotte/qrels.dev.tsv ..

#> Reading aux_data/lotte/qrels.dev.tsv
#> Loading ranked lists from results_100_lotte.tsv ..
#> Reading results_100_lotte.tsv
#> Computing MRR@10 for 2931 queries.

#> MRR@10 = 0.5505755389839312
#> MRR@10 (only for ranked queries) = 0.551
#> Computing MRR@100 for 2931 queries.

#> MRR@100 = 0.5563780506845293
#> MRR@100 (only for ranked queries) = 0.556

#> Recall@10 = 0.5289549250775082
#> Recall@10 (only for ranked queries) = 0.529


#> Recall@100 = 0.7166642874165915
#> Recall@100 (only for ranked queries) = 0.717


#> Recall@1000 = 0.7166642874165915
#> Recall@1000 (only for ranked queries) = 0.717

Num. threads: 1
Dimension: 128
Number of queries: 6980
Vector per query 32
queries id loaded
Number of Centroids:  262144
Total Number of Embeddings: 597909919
Number of documents: 8841823
SEARCH STARTED
Average Elapsed Time per query 51664475
Num. threads: 8
Dimension: 128
Number of queries: 6980
Vector per query 32
queries id loaded
Number of Centroids:  262144
Total Number of Embeddings: 597909919
Number of documents: 8841823
Number of Centroids:  262144
Total Number of Embeddings: 597909919
Number of documents: 8841823
Number of Centroids:  262144
Total Number of Embeddings: 597909919
Number of documents: 8841823
Number of Centroids:  262144
Total Number of Embeddings: 597909919
Number of documents: 8841823
Number of Centroids:  262144
Total Number of Embeddings: 597909919
Number of documents: 8841823
Number of Centroids:  262144
Total Number of Embeddings: 597909919
Number of documents: 8841823
Number of Centroids:  262144
Total Number of Embeddings: 597909919
Number of documents: 8841823
Number of Centroids:  262144
Total Number of Embeddings: 597909919
Number of documents: 8841823
SEARCH STARTED
Average Elapsed Time per query 11181099
Num. threads: 48
Dimension: 128
Number of queries: 6980
Vector per query 32
queries id loaded
Number of Centroids:  262144
Total Number of Embeddings: 597909919
Number of documents: 8841823
Number of Centroids:  262144
Total Number of Embeddings: 597909919
Number of documents: 8841823
Number of Centroids:  262144
Total Number of Embeddings: 597909919
Number of documents: 8841823
Number of Centroids:  262144
Total Number of Embeddings: 597909919
Number of documents: 8841823
Number of Centroids:  262144
Total Number of Embeddings: 597909919
Number of documents: 8841823
Number of Centroids:  262144
Total Number of Embeddings: 597909919
Number of documents: 8841823
Number of Centroids:  262144
Total Number of Embeddings: 597909919
Number of documents: 8841823
Number of Centroids:  262144
Total Number of Embeddings: 597909919
Number of documents: 8841823
Number of Centroids:  262144
Total Number of Embeddings: 597909919
Number of documents: 8841823
Number of Centroids:  262144
Total Number of Embeddings: 597909919
Number of documents: 8841823
Number of Centroids:  262144
Total Number of Embeddings: 597909919
Number of documents: 8841823
Number of Centroids:  262144
Total Number of Embeddings: 597909919
Number of documents: 8841823
Number of Centroids:  262144
Total Number of Embeddings: 597909919
Number of documents: 8841823
Number of Centroids:  262144
Total Number of Embeddings: 597909919
Number of documents: 8841823
Number of Centroids:  262144
Total Number of Embeddings: 597909919
Number of documents: 8841823
Number of Centroids:  262144
Total Number of Embeddings: 597909919
Number of documents: 8841823
Number of Centroids:  262144
Total Number of Embeddings: 597909919
Number of documents: 8841823
Number of Centroids:  262144
Total Number of Embeddings: 597909919
Number of documents: 8841823
Number of Centroids:  262144
Total Number of Embeddings: 597909919
Number of documents: 8841823
Number of Centroids:  262144
Total Number of Embeddings: 597909919
Number of documents: 8841823
Number of Centroids:  262144
Total Number of Embeddings: 597909919
Number of documents: 8841823
Number of Centroids:  262144
Total Number of Embeddings: 597909919
Number of documents: 8841823
Number of Centroids:  262144
Total Number of Embeddings: 597909919
Number of documents: 8841823
Number of Centroids:  262144
Total Number of Embeddings: 597909919
Number of documents: 8841823
Number of Centroids:  262144
Total Number of Embeddings: 597909919
Number of documents: 8841823
Number of Centroids:  262144
Total Number of Embeddings: 597909919
Number of documents: 8841823
Number of Centroids:  262144
Total Number of Embeddings: 597909919
Number of documents: 8841823
Number of Centroids:  262144
Total Number of Embeddings: 597909919
Number of documents: 8841823
Number of Centroids:  262144
Total Number of Embeddings: 597909919
Number of documents: 8841823
Number of Centroids:  262144
Total Number of Embeddings: 597909919
Number of documents: 8841823
Number of Centroids:  262144
Total Number of Embeddings: 597909919
Number of documents: 8841823
Number of Centroids:  262144
Total Number of Embeddings: 597909919
Number of documents: 8841823
Number of Centroids:  262144
Total Number of Embeddings: 597909919
Number of documents: 8841823
Number of Centroids:  262144
Total Number of Embeddings: 597909919
Number of documents: 8841823
Number of Centroids:  262144
Total Number of Embeddings: 597909919
Number of documents: 8841823
Number of Centroids:  262144
Total Number of Embeddings: 597909919
Number of documents: 8841823
Number of Centroids:  262144
Total Number of Embeddings: 597909919
Number of documents: 8841823
Number of Centroids:  262144
Total Number of Embeddings: 597909919
Number of documents: 8841823
Number of Centroids:  262144
Total Number of Embeddings: 597909919
Number of documents: 8841823
Number of Centroids:  262144
Total Number of Embeddings: 597909919
Number of documents: 8841823
Number of Centroids:  262144
Total Number of Embeddings: 597909919
Number of documents: 8841823
Number of Centroids:  262144
Total Number of Embeddings: 597909919
Number of documents: 8841823
results_lotte.sh: line 28: 3327963 Killed                  ./build/perf_emvb -k 10 -nprobe 1 -thresh 0.3 -out-second-stage 64 -thresh-query 0.4 -n-doc-to-score 200 -n-thread 48 -queries-id-file aux_data/msmarco/queries_dev_small_idonly.tsv -alldoclens-path aux_data/msmarco/doclens_msmarco.npy -index-dir-path $index_path_1 -out-file results_10.tsv
[Oct 28, 11:41:07] #> Loading QRELs from aux_data/msmarco/qrels.dev.tsv ..

#> Reading aux_data/msmarco/qrels.dev.tsv
#> Loading ranked lists from results_10.tsv ..
#> Reading results_10.tsv

#> [WARNING] num_judged_queries != num_ranked_queries
#> 55578 != 6980

#> Computing MRR@10 for 55578 queries.

#> MRR@10 = 0.04807849057552185
#> MRR@10 (only for ranked queries) = 0.383
#> Computing MRR@100 for 55578 queries.

#> MRR@100 = 0.04807849057552185
#> MRR@100 (only for ranked queries) = 0.383

#> Recall@10 = 0.08143360082526661
#> Recall@10 (only for ranked queries) = 0.648


#> Recall@100 = 0.08143360082526661
#> Recall@100 (only for ranked queries) = 0.648


#> Recall@1000 = 0.08143360082526661
#> Recall@1000 (only for ranked queries) = 0.648

Num. threads: 1
Dimension: 128
Number of queries: 6980
Vector per query 32
queries id loaded
Number of Centroids:  262144
Total Number of Embeddings: 597909919
Number of documents: 8841823
SEARCH STARTED
Average Elapsed Time per query 74268833
Num. threads: 8
Dimension: 128
Number of queries: 6980
Vector per query 32
queries id loaded
Number of Centroids:  262144
Total Number of Embeddings: 597909919
Number of documents: 8841823
Number of Centroids:  262144
Total Number of Embeddings: 597909919
Number of documents: 8841823
Number of Centroids:  262144
Total Number of Embeddings: 597909919
Number of documents: 8841823
Number of Centroids:  262144
Total Number of Embeddings: 597909919
Number of documents: 8841823
Number of Centroids:  262144
Total Number of Embeddings: 597909919
Number of documents: 8841823
Number of Centroids:  262144
Total Number of Embeddings: 597909919
Number of documents: 8841823
Number of Centroids:  262144
Total Number of Embeddings: 597909919
Number of documents: 8841823
Number of Centroids:  262144
Total Number of Embeddings: 597909919
Number of documents: 8841823
SEARCH STARTED
Average Elapsed Time per query 14012094
Num. threads: 48
Dimension: 128
Number of queries: 6980
Vector per query 32
queries id loaded
Number of Centroids:  262144
Total Number of Embeddings: 597909919
Number of documents: 8841823
Number of Centroids:  262144
Total Number of Embeddings: 597909919
Number of documents: 8841823
Number of Centroids:  262144
Total Number of Embeddings: 597909919
Number of documents: 8841823
Number of Centroids:  262144
Total Number of Embeddings: 597909919
Number of documents: 8841823
Number of Centroids:  262144
Total Number of Embeddings: 597909919
Number of documents: 8841823
Number of Centroids:  262144
Total Number of Embeddings: 597909919
Number of documents: 8841823
Number of Centroids:  262144
Total Number of Embeddings: 597909919
Number of documents: 8841823
Number of Centroids:  262144
Total Number of Embeddings: 597909919
Number of documents: 8841823
Number of Centroids:  262144
Total Number of Embeddings: 597909919
Number of documents: 8841823
Number of Centroids:  262144
Total Number of Embeddings: 597909919
Number of documents: 8841823
Number of Centroids:  262144
Total Number of Embeddings: 597909919
Number of documents: 8841823
Number of Centroids:  262144
Total Number of Embeddings: 597909919
Number of documents: 8841823
Number of Centroids:  262144
Total Number of Embeddings: 597909919
Number of documents: 8841823
Number of Centroids:  262144
Total Number of Embeddings: 597909919
Number of documents: 8841823
Number of Centroids:  262144
Total Number of Embeddings: 597909919
Number of documents: 8841823
Number of Centroids:  262144
Total Number of Embeddings: 597909919
Number of documents: 8841823
Number of Centroids:  262144
Total Number of Embeddings: 597909919
Number of documents: 8841823
Number of Centroids:  262144
Total Number of Embeddings: 597909919
Number of documents: 8841823
Number of Centroids:  262144
Total Number of Embeddings: 597909919
Number of documents: 8841823
Number of Centroids:  262144
Total Number of Embeddings: 597909919
Number of documents: 8841823
Number of Centroids:  262144
Total Number of Embeddings: 597909919
Number of documents: 8841823
Number of Centroids:  262144
Total Number of Embeddings: 597909919
Number of documents: 8841823
Number of Centroids:  262144
Total Number of Embeddings: 597909919
Number of documents: 8841823
Number of Centroids:  262144
Total Number of Embeddings: 597909919
Number of documents: 8841823
Number of Centroids:  262144
Total Number of Embeddings: 597909919
Number of documents: 8841823
Number of Centroids:  262144
Total Number of Embeddings: 597909919
Number of documents: 8841823
Number of Centroids:  262144
Total Number of Embeddings: 597909919
Number of documents: 8841823
Number of Centroids:  262144
Total Number of Embeddings: 597909919
Number of documents: 8841823
Number of Centroids:  262144
Total Number of Embeddings: 597909919
Number of documents: 8841823
Number of Centroids:  262144
Total Number of Embeddings: 597909919
Number of documents: 8841823
Number of Centroids:  262144
Total Number of Embeddings: 597909919
Number of documents: 8841823
Number of Centroids:  262144
Total Number of Embeddings: 597909919
Number of documents: 8841823
Number of Centroids:  262144
Total Number of Embeddings: 597909919
Number of documents: 8841823
Number of Centroids:  262144
Total Number of Embeddings: 597909919
Number of documents: 8841823
Number of Centroids:  262144
Total Number of Embeddings: 597909919
Number of documents: 8841823
Number of Centroids:  262144
Total Number of Embeddings: 597909919
Number of documents: 8841823
Number of Centroids:  262144
Total Number of Embeddings: 597909919
Number of documents: 8841823
Number of Centroids:  262144
Total Number of Embeddings: 597909919
Number of documents: 8841823
Number of Centroids:  262144
Total Number of Embeddings: 597909919
Number of documents: 8841823
Number of Centroids:  262144
Total Number of Embeddings: 597909919
Number of documents: 8841823
Number of Centroids:  262144
Total Number of Embeddings: 597909919
Number of documents: 8841823
Number of Centroids:  262144
Total Number of Embeddings: 597909919
Number of documents: 8841823
